{
    "sources": [
        "in.ts"
    ],
    "sourceRoot": "https://my-website.com/debug/source/"
}