{
    "sources": [
        "src/subdir.ts"
    ],
    "sourceRoot": "../../../debug/source"
}