{
    "sources": [
        "../../src/sub/c.ts"
    ]
}